[INIT] Log créé le Wed Aug 26 14:35:09 EDT 2026
[2026-08-26T14:42:53.109353] Optimisation → eco
[2026-08-26T14:43:23.126397] Optimisation → eco
[2026-08-26T14:43:53.129979] Optimisation → eco
[2026-08-26T14:44:23.151108] Optimisation → eco
[2026-08-26T14:44:53.154667] Optimisation → eco
[2026-08-26T14:45:23.158036] Optimisation → eco
[2026-08-26T14:45:53.161609] Optimisation → eco
[2026-08-26T14:46:23.163897] Optimisation → eco
[2026-08-26T14:46:53.167311] Optimisation → eco
[2026-08-26T14:47:23.170640] Optimisation → eco
[2026-08-26T14:47:53.173891] Optimisation → eco
[2026-08-26T14:48:23.177516] Optimisation → eco
[2026-08-26T14:48:53.180991] Optimisation → eco
[2026-08-26T14:49:23.232907] Optimisation → eco
[2026-08-26T14:49:53.236911] Optimisation → eco
[2026-08-26T14:50:23.249805] Optimisation → eco
[2026-08-26T14:50:53.295135] Optimisation → eco
[2026-08-26T14:51:23.299534] Optimisation → eco
[2026-08-26T14:51:53.305312] Optimisation → eco
[2026-08-26T14:52:23.312520] Optimisation → eco
[2026-08-26T14:52:53.314889] Optimisation → eco
[2026-08-26T14:53:23.316482] Optimisation → eco
[2026-08-26T14:53:53.321310] Optimisation → eco
[2026-08-26T14:54:23.322821] Optimisation → eco
[2026-08-26T14:54:53.325738] Optimisation → eco
[2026-08-26T14:55:23.330685] Optimisation → eco
[2026-08-26T14:55:53.335562] Optimisation → eco
[2026-08-26T14:56:23.338897] Optimisation → eco
[2026-08-26T14:56:53.340493] Optimisation → eco
[2026-08-26T14:57:23.342817] Optimisation → eco
[2026-08-26T14:57:53.348376] Optimisation → eco
[2026-08-26T14:58:23.365585] Optimisation → eco
[2026-08-26T14:58:53.367455] Optimisation → eco
[2026-08-26T14:59:23.370299] Optimisation → eco
[2026-08-26T14:59:53.375451] Optimisation → eco
[2026-08-26T15:00:23.379172] Optimisation → eco
[2026-08-26 15:00:32.245971] PROMPT: Scan Complet
[IA] Mode: OFFLINE. 0 API Externe.
[IA] Résultat: Système Sécurisé.
[2026-08-26T15:00:53.385995] Optimisation → eco
[2026-08-26 15:01:09.761338] PROMPT: Scan Complet Système
[IA] Mode: OFFLINE. 0 API Externe.
[IA] Résultat: Système Sécurisé.
[2026-08-26T15:01:23.389209] Optimisation → eco
[2026-08-26T15:01:53.391191] Optimisation → eco
[2026-08-26 15:02:10.228111] PROMPT: Scan Complet
[IA] Mode: OFFLINE. 0 API Externe.
[IA] Résultat: Système Sécurisé.
[2026-08-26T15:02:23.396192] Optimisation → eco
[2026-08-26T15:02:53.399406] Optimisation → eco
[2026-08-26T15:03:23.403206] Optimisation → eco
[2026-08-26 15:03:35.578116] PROMPT: Scan Complet
[IA] Mode: OFFLINE. 0 API Externe.
[IA] Résultat: Système Sécurisé.
[2026-08-26T15:03:53.405062] Optimisation → eco
[2026-08-26T15:04:23.407265] Optimisation → eco
[2026-08-26T15:04:53.442541] Optimisation → eco
[2026-08-26T15:05:23.445082] Optimisation → eco
[2026-08-26T15:05:53.449939] Optimisation → eco
[2026-08-26T15:06:23.472438] Optimisation → eco
[2026-08-26T15:06:53.476129] Optimisation → eco
[2026-08-26T15:07:23.480316] Optimisation → eco
[2026-08-26T15:07:53.519366] Optimisation → eco
[2026-08-26T15:08:23.547432] Optimisation → eco
[2026-08-26T15:08:53.603662] Optimisation → eco
[2026-08-26T15:09:23.643204] Optimisation → eco
[2026-08-26T15:09:53.672033] Optimisation → eco
[2026-08-26T15:10:23.709351] Optimisation → eco
[2026-08-26T15:10:53.713593] Optimisation → eco
[2026-08-26T15:11:23.745022] Optimisation → eco
[2026-08-26T15:11:53.746379] Optimisation → eco
[2026-08-26T15:12:23.750005] Optimisation → eco
[2026-08-26T15:12:53.755951] Optimisation → eco
[2026-08-26T15:13:23.782050] Optimisation → eco
[2026-08-26T15:13:53.783975] Optimisation → eco
[2026-08-26T15:14:23.785465] Optimisation → eco
[2026-08-26T15:14:53.816766] Optimisation → eco
[2026-08-26T15:15:23.818074] Optimisation → eco
[2026-08-26T15:15:53.831999] Optimisation → eco
[2026-08-26T15:16:23.834730] Optimisation → eco
[2026-08-26T15:16:53.839845] Optimisation → eco
[2026-08-26T15:17:23.842961] Optimisation → eco
[2026-08-26T15:17:53.848190] Optimisation → eco
[2026-08-26T15:18:23.850295] Optimisation → eco
[2026-08-26T15:18:53.888361] Optimisation → eco
[2026-08-26T15:19:23.906677] Optimisation → eco
[2026-08-26T15:19:53.962477] Optimisation → eco
[2026-08-26T15:20:23.990273] Optimisation → eco
[2026-08-26T15:20:53.995566] Optimisation → eco
[2026-08-26T15:21:24.032590] Optimisation → eco
[2026-08-26T15:21:54.041163] Optimisation → eco
[2026-08-26T15:22:24.045261] Optimisation → eco
[2026-08-26T15:22:54.047453] Optimisation → eco
[2026-08-26T15:23:24.053830] Optimisation → eco
[2026-08-26T15:23:54.057198] Optimisation → eco
[2026-08-26T15:24:24.059493] Optimisation → eco
[2026-08-26T15:24:54.061488] Optimisation → eco
[2026-08-26T15:25:24.063279] Optimisation → eco
[2026-08-26T15:25:54.071106] Optimisation → eco
[2026-08-26T15:26:24.126817] Optimisation → eco
[2026-08-26T15:26:54.149191] Optimisation → eco
[2026-08-26T15:27:24.153257] Optimisation → eco
[2026-08-26T15:27:54.154927] Optimisation → eco
[2026-08-26T15:28:24.195757] Optimisation → eco
[2026-08-26T15:28:54.228096] Optimisation → eco
[2026-08-26T15:29:24.231229] Optimisation → eco
[2026-08-26T15:29:54.236040] Optimisation → eco
[2026-08-26T15:30:24.241387] Optimisation → eco
[2026-08-26T15:30:54.247006] Optimisation → eco
[2026-08-26T15:31:24.249713] Optimisation → eco
[2026-08-26T15:31:54.253967] Optimisation → eco
[2026-08-26T15:32:24.259130] Optimisation → eco
[2026-08-26T15:32:54.260777] Optimisation → eco
[2026-08-26T15:33:24.262954] Optimisation → eco
[2026-08-26T15:33:54.286313] Optimisation → eco
[2026-08-26T15:34:24.289882] Optimisation → eco
[2026-08-26T15:34:54.292316] Optimisation → eco
[2026-08-26T15:35:24.300157] Optimisation → eco
[2026-08-26T15:35:54.326926] Optimisation → eco
[2026-08-26T15:36:24.332372] Optimisation → eco
[2026-08-26T15:36:54.375517] Optimisation → eco
[2026-08-26T15:37:24.381141] Optimisation → eco
[2026-08-26T15:37:54.422527] Optimisation → eco
[2026-08-26T15:38:24.426193] Optimisation → eco
[2026-08-26T15:38:54.429331] Optimisation → eco
[2026-08-26T15:39:24.461223] Optimisation → eco
[2026-08-26T15:39:54.463920] Optimisation → eco
[2026-08-26T15:40:24.465992] Optimisation → eco
[2026-08-26T15:40:54.468952] Optimisation → eco
[2026-08-26T15:41:24.471007] Optimisation → eco
[2026-08-26T15:41:54.472746] Optimisation → eco
[2026-08-26T15:42:24.478904] Optimisation → eco
[2026-08-26T15:42:54.497176] Optimisation → eco
[2026-08-26T15:43:24.533163] Optimisation → eco
[2026-08-26T15:43:54.536638] Optimisation → eco
[2026-08-26T15:44:24.574391] Optimisation → eco
[2026-08-26T15:44:54.577991] Optimisation → eco
[2026-08-26T15:45:24.580881] Optimisation → eco
[2026-08-26T15:45:54.587352] Optimisation → eco
[2026-08-26T15:46:24.633805] Optimisation → eco
[2026-08-26T15:46:54.638040] Optimisation → eco
[2026-08-26T15:47:24.639687] Optimisation → eco
[2026-08-26T15:47:54.641029] Optimisation → eco
[2026-08-26T15:48:24.642529] Optimisation → eco
[2026-08-26T15:48:54.644233] Optimisation → eco
[2026-08-26T15:49:24.647873] Optimisation → eco
[2026-08-26T15:49:54.686467] Optimisation → eco
[2026-08-26T15:50:24.689455] Optimisation → eco
[2026-08-26T15:50:54.705237] Optimisation → eco
[2026-08-26T15:51:24.707711] Optimisation → eco
[2026-08-26T15:51:54.747929] Optimisation → eco
[2026-08-26T15:52:24.751643] Optimisation → eco
[2026-08-26T15:52:54.757113] Optimisation → eco
[2026-08-26T15:53:24.795991] Optimisation → eco
[2026-08-26T15:53:54.798797] Optimisation → eco
[2026-08-26T15:54:24.839927] Optimisation → eco
[2026-08-26T15:54:54.848097] Optimisation → eco
[2026-08-26T15:55:24.850660] Optimisation → eco
[2026-08-26T15:55:54.883727] Optimisation → eco
[2026-08-26T15:56:24.895623] Optimisation → eco
[2026-08-26T15:56:54.908187] Optimisation → eco
[2026-08-26T15:57:24.910710] Optimisation → eco
[2026-08-26T15:57:54.911943] Optimisation → eco
[2026-08-26T15:58:24.913858] Optimisation → eco
[2026-08-26T15:58:54.931802] Optimisation → eco
[2026-08-26T15:59:24.934888] Optimisation → eco
[2026-08-26T15:59:54.940232] Optimisation → eco
[2026-08-26T16:00:24.948215] Optimisation → eco
[2026-08-26T16:00:54.951508] Optimisation → eco
[2026-08-26T16:01:24.958193] Optimisation → eco
[2026-08-26T16:01:54.961458] Optimisation → eco
[2026-08-26T16:02:24.964667] Optimisation → eco
[2026-08-26T16:02:54.967813] Optimisation → eco
[2026-08-26T16:03:24.970931] Optimisation → eco
[2026-08-26T16:03:54.974053] Optimisation → eco
[2026-08-26T16:04:24.977327] Optimisation → eco
[2026-08-26T16:04:54.980316] Optimisation → eco
[2026-08-26T16:05:24.983804] Optimisation → eco
[2026-08-26T16:05:54.987073] Optimisation → eco
[2026-08-26T16:06:24.990069] Optimisation → eco
[2026-08-26T16:06:54.993267] Optimisation → eco
[2026-08-26T16:07:24.996435] Optimisation → eco
[2026-08-26T16:07:54.999567] Optimisation → eco
[2026-08-26T16:08:25.001684] Optimisation → eco
[2026-08-26T16:08:55.003695] Optimisation → eco
[2026-08-26T16:09:25.005882] Optimisation → eco
[2026-08-26T16:09:55.007927] Optimisation → eco
[2026-08-26T16:10:25.011046] Optimisation → eco
[2026-08-26T16:10:55.014040] Optimisation → eco
[2026-08-26T16:11:25.016230] Optimisation → eco
[2026-08-26T16:11:55.017720] Optimisation → eco
[2026-08-26T16:12:25.058167] Optimisation → eco
[2026-08-26T16:12:55.061236] Optimisation → eco
[2026-08-26T16:13:25.063378] Optimisation → eco
[2026-08-26T16:13:55.069038] Optimisation → eco
